gpg-pubkey-b86b3716-61e69f29 1642503977 0 (none) installed
gpg-pubkey-3228467c-613798eb 1631033579 0 (none) installed
rust-srpm-macros-17-4.el9.noarch 1644579138 2447 c2a61f5735180ef25a79ba4139c049e5 installed
rust-srpm-macros-epel-26.3-1.el9.noarch 1715974806 2907 f2cae61d2d5501f547c200dfb2c6f670 installed
qt6-srpm-macros-6.6.2-1.el9.noarch 1714509998 456 8b2431231baa0f317fa2536ecad7f3ae installed
ghc-srpm-macros-epel-1.9.1-1.el9.noarch 1734443439 498 b97dfc85336d63781d1ff152f2fadc6b installed
fpc-srpm-macros-1.3-7.el9.noarch 1676900002 144 bd6bb74a216ab5498ee5ab7981c3f401 installed
ansible-srpm-macros-1-16.el9.noarch 1726849052 36518 fb4f820e4d0d31d624d72536160aad01 installed
qt5-srpm-macros-5.15.9-1.el9.noarch 1695786489 492 f4b8798dffd67a149ba9546ee98890d3 installed
perl-srpm-macros-1-41.el9.noarch 1648211262 862 a7d1dd3647ab0baaf9374cd04d138efc installed
openblas-srpm-macros-2-11.el9.noarch 1644518888 104 ab6a0d86bdb28cb3845fc9275bff6d04 installed
ocaml-srpm-macros-6-6.el9.noarch 1645006823 745 c02264f1ab836473c0a0ac36c2b69d11 installed
ghc-srpm-macros-1.5.0-6.el9.noarch 1643558412 535 f1cf0b239c626086e43fc5b8bfdc8947 installed
tzdata-2026a-1.el9.noarch 1773835361 1921002 90194402773512bf75a3eccf6a818fe3 installed
publicsuffix-list-dafsa-20210518-3.el9.noarch 1649930311 68815 9049001bc986a7b3edc7bfab7f32187f installed
pkgconf-m4-1.7.3-10.el9.noarch 1680812438 14187 d797f52d2d8f1726a55a11e521e32b5e installed
pcre2-syntax-10.40-6.el9.noarch 1727910892 234324 be0c82ff0f81fe9d5b19826b81fd360e installed
ncurses-base-6.2-12.20210508.el9.noarch 1758446429 307293 c2dcbe72ecfb332701b74fe277803371 installed
libssh-config-0.10.4-17.el9_7.noarch 1766034432 277 13493c9c737ec1b8ec39c3f75565cc1b installed
coreutils-common-8.32-39.el9.x86_64 1741783836 10880476 8092759fe4fce9ba4575f40e98ae1af8 installed
almalinux-gpg-keys-9.7-1.el9.x86_64 1762856138 3139 0616b9983dcddcefced2b79e84fc3be2 installed
almalinux-release-9.7-1.el9.x86_64 1762856138 28504 9fc0f4e091ee88c5ceffef31e00a72a6 installed
almalinux-repos-9.7-1.el9.x86_64 1762856138 10864 0da2c89e4d50c3a7f71c348b3a044e58 installed
setup-2.13.7-10.el9.noarch 1712168971 725932 d06854c9d05f32cd5221d209aecbbebc installed
filesystem-3.16-5.el9.x86_64 1727902829 106 83146689de3574b559045cdfa73e0322 installed
basesystem-11-13.el9.noarch 1643412490 0 5fb7306840ce1307c9450ace93a9a78a installed
ncurses-libs-6.2-12.20210508.el9.x86_64 1758446456 994415 10324a6e0b9dd21ff388ddd8f0dda8b2 installed
bash-5.1.8-9.el9.x86_64 1714487592 7738730 abbcee9ad5f5b605c895928edf38a068 installed
glibc-gconv-extra-2.34-231.el9_7.10.x86_64 1771325893 8122892 bba75304f1ccf7acc1464d1a1d4adb00 installed
libgcc-11.5.0-11.el9.alma.1.x86_64 1757946440 207036 de5eaa825c714051335aa91362d6e335 installed
glibc-minimal-langpack-2.34-231.el9_7.10.x86_64 1771325893 0 3298c8f4d1b4753abd7cde9e5f12dc6b installed
glibc-common-2.34-231.el9_7.10.x86_64 1771325893 1081382 1916445c7d095548974c58f708f36ba7 installed
glibc-2.34-231.el9_7.10.x86_64 1771325893 6461291 72f2ef46746411c8cfb0c937231dc08a installed
zlib-1.2.11-40.el9.x86_64 1695720125 202921 06ae87f547967cdb2d0cbe1a8f7a0a3b installed
xz-libs-5.2.5-8.el9_0.x86_64 1654677033 181589 26d1d44716e54a105e7083fedc4c3a18 installed
bzip2-libs-1.0.8-10.el9_5.x86_64 1738640559 78228 ea37d3845e84668b83dab7faeca6ff53 installed
libzstd-1.5.5-1.el9.x86_64 1741812953 773894 1455767d35300864d7120949dd275489 installed
elfutils-libelf-0.193-1.el9.alma.1.x86_64 1758469624 1220296 0a189321d1d52bc40e66f5b30037e075 installed
libstdc++-11.5.0-11.el9.alma.1.x86_64 1757946440 2585609 8b22b25f3eb611bc9379f0b71143852f installed
libxcrypt-4.4.18-3.el9.x86_64 1644465890 270724 03354b2659877cafec7273b5cd8f879c installed
libuuid-2.37.4-21.el9_7.x86_64 1770239437 38005 0f2d05f9b0097339f304bfefcb04345f installed
gmp-1:6.2.0-13.el9.x86_64 1696934960 816844 608294d7e89348908bf207387ecbfeca installed
libattr-2.5.1-3.el9.x86_64 1643373859 29445 7ce1bc0a98f4c0afd2d5d8576ca27133 installed
libacl-2.3.1-4.el9.x86_64 1712068496 40554 44d63db3c6ce866430e7149f4395278b installed
libcap-2.48-10.el9_7.1.x86_64 1777585578 177479 909556d747d6a21a96e356bd0fc9f0b8 installed
popt-1.18-8.el9.x86_64 1648240343 130376 d023c9ebf80dbada8fddb5a69471a0d9 installed
libcom_err-1.46.5-8.el9.x86_64 1758466961 68401 8efaf6f7874c7e52387bdd53384339f0 installed
lz4-libs-1.9.3-5.el9.x86_64 1644481114 145515 8557c4f0d9c63e5ebf77dcfe4dd2e9fb installed
readline-8.1-4.el9.x86_64 1644541287 492924 f4f3a3fa47cf00c5f36937b73da28db1 installed
crypto-policies-20250905-1.git377cc42.el9_7.noarch 1760955606 101000 2fa5dbc353fa3e0725f4216a594ec518 installed
mpfr-4.1.0-7.el9.x86_64 1644492386 802595 667977b12c5e8614ecfbf50760fe8cea installed
dwz-0.16-1.el9.x86_64 1758465929 293348 eca723cbd6c9b74c1752b0f60c33c93c installed
unzip-6.0-59.el9.x86_64 1758452692 398483 00a3a9dbe95d658c4715229ff1d20cef installed
file-libs-5.39-16.el9.x86_64 1712147865 8086748 5d554261ecb32cd6dd1b368ba933c92e installed
file-5.39-16.el9.x86_64 1712147865 102664 4b083cdde473c635ee17e7541222f116 installed
sqlite-libs-3.34.1-9.el9_7.x86_64 1762899228 1372976 d4fabedeab79ee216d637001bced6a03 installed
alternatives-1.24-2.el9.x86_64 1741776228 63489 8d63bb71331fe18d4bdf778e74b9a20e installed
libcap-ng-0.8.2-7.el9.x86_64 1651425264 75196 b3b6c517f674b1a19c87a1561fd7e3c5 installed
audit-libs-3.1.5-7.el9.x86_64 1758455246 338497 275c90a9c6016c3c47b8230da95ac408 installed
libffi-3.4.2-8.el9.x86_64 1695671656 65761 34887349d1d9f7578ffabc8273fa4558 installed
libsepol-3.6-3.el9.x86_64 1758446100 829195 e1b3f342c691068244d374f65e5d81bb installed
libsigsegv-2.13-4.el9.x86_64 1644457015 50354 7012e4a7edf3bd5d99b21eec9fb21cff installed
gawk-5.1.0-6.el9.x86_64 1648679084 1685614 fcd814904c14563f0fb1b26cd5abf615 installed
libsmartcols-2.37.4-21.el9_7.x86_64 1770239437 134787 31c99cad78564128ad79043e44601f6f installed
libtasn1-4.16.0-9.el9.x86_64 1741836662 183484 c0749dbea6abdb35cf3b4e996dce78ec installed
p11-kit-0.25.3-3.el9_5.x86_64 1734433414 2530659 f669c8a60fcc528927d11740ac83d798 installed
libunistring-0.9.10-15.el9.x86_64 1644462861 1643051 89974ee18eca0832a008f146ab722d15 installed
libidn2-2.3.0-7.el9.x86_64 1644440268 253476 1f6a3623b3f769250040f82e0df9b999 installed
lua-libs-5.4.4-4.el9.x86_64 1695752897 287355 2430d6b63b04055dcf0ed3068e801da9 installed
libpsl-0.21.1-5.el9.x86_64 1644463051 78616 05be8f6d2c29044a80d9cf9d816afd6d installed
p11-kit-trust-0.25.3-3.el9_5.x86_64 1734433414 478116 110ab0919d992b7cd0fbb1842ec0ed40 installed
zip-3.0-35.el9.x86_64 1680876147 741151 787c9da9cd41b68a952be641f5827845 installed
zstd-1.5.5-1.el9.x86_64 1741812953 1672821 e3dd3573e4e3d48fc9c58e38de7e06db installed
groff-base-1.22.4-10.el9.x86_64 1643712259 4040414 024f1564cc6f985c2b8fc4d025c4a995 installed
bzip2-1.0.8-10.el9_5.x86_64 1738640559 95088 691fa0a583158ab40287d13d676198d9 installed
libxml2-2.9.13-14.el9_7.x86_64 1764560439 1959268 ae032de2e3f74d40b01e52c5b2936692 installed
info-6.7-15.el9.x86_64 1651410735 508035 5406a0ac5f045ccb1e44a77efdeeb908 installed
ed-1.14.2-12.el9.x86_64 1643518920 129931 716717234d7de11268a70f0874a4defd installed
cpio-2.13-16.el9.x86_64 1643489457 1088179 20d7eb1219e79364f2b8f81bc0fe0a0c installed
diffutils-3.7-12.el9.x86_64 1643480107 1467897 0a64e40e363d5df18c64c2dead50f7d6 installed
gdbm-libs-1:1.23-1.el9.x86_64 1727905839 128586 0bb4c1349578acccd76882767dbc508d installed
json-c-0.14-11.el9.x86_64 1644568776 79042 e3bcf96305017ede260a388d95652a40 installed
keyutils-libs-1.6.3-1.el9.x86_64 1680722150 55267 7f796f310a80bc09e6a82f3c714391ae installed
libbrotli-1.0.9-9.el9_7.x86_64 1770289647 782170 4107456cfc4de0346ce9395a905887ba installed
libdb-5.3.28-57.el9_6.x86_64 1750774368 1897918 7bfc7fbf88113dac72b782fe2bd983a7 installed
libeconf-0.4.1-4.el9.x86_64 1727800838 45803 d025631029157ca95878a634a2a20242 installed
libgomp-11.5.0-11.el9.alma.1.x86_64 1757946440 421717 aa8b2558e4db73dddab8046482737d72 installed
libgpg-error-1.42-5.el9.x86_64 1644449054 837064 e6b8dd1cf21caa5d740e91046442bf26 installed
libgcrypt-1.10.0-11.el9.x86_64 1727800986 1398402 7929dfb4e7f7c4b8e8d25280ab95b20e installed
libnghttp2-1.43.0-6.el9_7.1.x86_64 1776053633 169764 7ea0e513f8c012950468da5170f5b5ea installed
libpkgconf-1.7.3-10.el9.x86_64 1680812823 75425 194e51b0918b18e12e00ab15c19ee38a installed
pkgconf-1.7.3-10.el9.x86_64 1680812823 77890 ab427b19d35afc539d12a6b9adf6d99d installed
pkgconf-pkg-config-1.7.3-10.el9.x86_64 1680812823 1203 203c2469cb0682808357931179d5324e installed
libtool-ltdl-2.4.6-46.el9.x86_64 1727804946 71568 b2b0c536c6641f5f9385b906d25a5cbb installed
libverto-0.3.2-3.el9.x86_64 1644467610 30381 7f11c70e36432c127987bfbe02b7bef0 installed
ncurses-6.2-12.20210508.el9.x86_64 1758446456 624684 a7561b5b6e649c659c388fedf95afa84 installed
pcre-8.44-4.el9.x86_64 1727906000 537720 c545835f3e9dab2d0a1d5f8a1bef1897 installed
grep-3.6-5.el9.x86_64 1643660491 857864 a446fe7db66d7e8f0fcd097c20abd47c installed
xz-5.2.5-8.el9_0.x86_64 1654677033 685939 faecaee7f9cd46fec9def1b27acc08d2 installed
pcre2-10.40-6.el9.x86_64 1727906236 652282 38ce3ac9306548549c7da2643170fd51 installed
libselinux-3.6-3.el9.x86_64 1741822567 176845 c9caf74a5adc7055412dd44de15f5594 installed
sed-4.8-9.el9.x86_64 1644921382 813615 11204e2cc270a9dbcefd2b57361e1756 installed
findutils-1:4.8.0-7.el9.x86_64 1727903031 1757006 eb24fa02da2776029062c039b1a9fd87 installed
openssl-fips-provider-1:3.5.1-7.el9_7.x86_64 1769616215 2591522 bbe71bdfbf5ec2026896d07df286b693 installed
openssl-libs-1:3.5.1-7.el9_7.x86_64 1769616215 7470323 1241864a2900c0325194ce7408a74e5f installed
coreutils-8.32-39.el9.x86_64 1741783836 5986602 3ac06a4f75fb3aa1042f99637bfb2a4b installed
ca-certificates-2025.2.80_v9.0.305-91.el9.noarch 1763547065 2791711 7835aefb5f908c26ebbb25b9e609c5ab installed
libblkid-2.37.4-21.el9_7.x86_64 1770239437 229721 55362debbb383770b4797bb27fb801ac installed
krb5-libs-1.21.1-9.el9_7.x86_64 1776790395 2503194 fb8df8f3a04269539a9888afd91cc16d installed
libmount-2.37.4-21.el9_7.x86_64 1770239437 318333 02d0c16f51c63e3fb4846d43dbddb5ec installed
gzip-1.12-1.el9.x86_64 1665854720 377005 b5c23607ca0175f8586bb9f04bc0c094 installed
cracklib-2.9.6-27.el9.x86_64 1643491090 251890 ea2a45be2b7fcc294568cdfcf303a2f7 installed
systemd-libs-252-55.el9_7.8.alma.1.x86_64 1775588955 1814776 e944780706e25ef1e98f24e7ce9bef40 installed
libarchive-3.5.3-9.el9_7.x86_64 1776375870 906150 ad802c017c07d45c568eab3122245de6 installed
util-linux-core-2.37.4-21.el9_7.x86_64 1770239437 1262807 81fe4d18daa85caa08c8fccde22ffe46 installed
cracklib-dicts-2.9.6-27.el9.x86_64 1643491090 9815154 70cb82f78826244294e7adc4592f8d6a installed
cyrus-sasl-lib-2.1.27-22.el9.x86_64 1758800767 2380456 88e08518f6a93d32158a4c3e8ad4caaa installed
libssh-0.10.4-17.el9_7.x86_64 1766034334 535755 e4963daf262739d38dde82782668c25a installed
libfdisk-2.37.4-21.el9_7.x86_64 1770239437 367771 cfb8b3a97d9ccf93586497ed9891820c installed
perl-Digest-1.19-4.el9.noarch 1644595375 36844 7698964c801c15b9e09af239d06d325a installed
perl-Digest-MD5-2.58-4.el9.x86_64 1644596344 61538 3d1d54ac6c6d2e660c60e1febe6ba812 installed
perl-B-0:1.80-481.1.el9_6.x86_64 1753674689 504453 3b8759bd11f2c7e725026be531a4efa0 installed
perl-FileHandle-0:2.03-481.1.el9_6.noarch 1753674690 10531 1667426fe69a47b5f1dc48929a0b651e installed
perl-Data-Dumper-2.174-462.el9.x86_64 1645021433 111885 af724cea7fa63c7ca7f3f01ec012a55e installed
perl-libnet-3.13-4.el9.noarch 1645018479 299357 dfe2b5d3f071eea602ade0b7715724fd installed
perl-AutoLoader-0:5.74-481.1.el9_6.noarch 1753674690 22038 a84b305413f4f741404de6b444fe2b1a installed
perl-base-0:2.27-481.1.el9_6.noarch 1753674690 13820 d86b2bfbb701e8283aa294e4b88d2d17 installed
perl-URI-5.09-3.el9.noarch 1648214228 216915 7d631b61f4e7d1a59b7702853d439458 installed
perl-if-0:0.60.800-481.1.el9_6.noarch 1753674690 6875 4ca24ef277e11ce296da80c68b5fad6c installed
perl-IO-Socket-IP-0.41-5.el9.noarch 1645012339 100240 bc34f266c7ab758d6f9f7051375473af installed
perl-Time-Local-2:1.300-7.el9.noarch 1650006587 67344 1a5c30f3e50f6d6dabf2364d4e1ceab7 installed
perl-File-Path-2.18-4.el9.noarch 1645015494 65333 5f5233277e7d003386aabf73ba2e3b00 installed
perl-IO-Socket-SSL-2.073-2.el9.noarch 1727930920 616300 70afb993476490ea51cc260cf59c7127 installed
perl-Net-SSLeay-1.94-3.el9.x86_64 1758536431 1520289 1dbfd0495c3ec1ee0b329f074b3d77c5 installed
perl-Pod-Escapes-1:1.07-460.el9.noarch 1644606541 25764 55b868e63af1b6b497c1275208cd17a7 installed
perl-Text-Tabs+Wrap-2013.0523-460.el9.noarch 1645014862 24828 a93eda6aa00df774344de75de3e7d620 installed
perl-Mozilla-CA-20200520-6.el9.noarch 1645008884 5866 a59b14886d99e10c61e0ebfe717e6a16 installed
perl-Class-Struct-0:0.66-481.1.el9_6.noarch 1753674690 26954 f07cd43c2853247170e85d36ef00b5c7 installed
perl-POSIX-0:1.94-481.1.el9_6.x86_64 1753674689 240028 950e539e845f6433f9debd41b575ec81 installed
perl-Term-ANSIColor-5.01-461.el9.noarch 1644999613 100303 a51bca447e32088bddfcd4cf9de3355d installed
perl-IPC-Open3-0:1.21-481.1.el9_6.noarch 1753674690 25047 673c53d9c0a52df6b62bc9a34de6df7e installed
perl-subs-0:1.03-481.1.el9_6.noarch 1753674690 3061 ea9d34f930188bc025f68b5cabbb7b0f installed
perl-File-Temp-1:0.231.100-4.el9.noarch 1645005893 166550 231231e97dda4215e8fc63879bc29373 installed
perl-Term-Cap-1.17-460.el9.noarch 1644999857 29851 680f95980423f8af9d8deea43aeb38dd installed
perl-Pod-Simple-1:3.42-4.el9.noarch 1644595067 577293 59a0c9c7881c8c7595d69513738cf3a6 installed
perl-HTTP-Tiny-0.076-462.el9.noarch 1712162164 150675 89021a91b43720abc24e9bbcd3c34a78 installed
perl-Socket-4:2.031-4.el9.x86_64 1644596363 124985 70c1beb0d1a3fd1b63c4402c70498566 installed
perl-SelectSaver-0:1.02-481.1.el9_6.noarch 1753674690 3171 37457b8a1b1d2d8aa818cdcd61d33090 installed
perl-Symbol-0:1.08-481.1.el9_6.noarch 1753674690 7848 f7304ede78a62ba19584fe157932046a installed
perl-File-stat-0:1.09-481.1.el9_6.noarch 1753674690 13950 ce9e4870655bc834de4dfd2f813f68e1 installed
perl-podlators-1:4.14-460.el9.noarch 1648210257 288742 7635e181970fee0ec972edeb3640eb38 installed
perl-Pod-Perldoc-3.28.01-461.el9.noarch 1644882690 170960 3592c6f8ec5d262935747c142a2a0f4e installed
perl-Fcntl-0:1.13-481.1.el9_6.x86_64 1753674689 30125 ac399417085aa48d6fd0eb8ae8145d98 installed
perl-Text-ParseWords-3.30-460.el9.noarch 1645008582 13101 95074ebfc08d2e7945b6a351107c6de0 installed
perl-mro-0:1.23-481.1.el9_6.x86_64 1753674689 43476 9b16e1b06aebb59e330e68682933d402 installed
perl-IO-0:1.43-481.1.el9_6.x86_64 1753674689 163146 d1206c62b98ec43aaa05bc5d28387f88 installed
perl-overloading-0:0.02-481.1.el9_6.noarch 1753674690 5894 908d8df045b85e62710a511ee8828339 installed
perl-Pod-Usage-4:2.01-4.el9.noarch 1644595290 87186 1c81d46cf49953bf17671509bb9f143b installed
perl-Errno-0:1.30-481.1.el9_6.x86_64 1753674689 9534 1478545e5412f5ea74f96dfca93773b2 installed
perl-File-Basename-0:2.85-481.1.el9_6.noarch 1753674690 15340 d24f359fbc4e643618faf4b982870d03 installed
perl-Getopt-Std-0:1.12-481.1.el9_6.noarch 1753674690 12107 c68114f15f226776a7dfd69dcb1ed2b3 installed
perl-MIME-Base64-3.16-4.el9.x86_64 1645024373 48161 74c7445541edb6b812cb547cb1ed7001 installed
perl-Scalar-List-Utils-4:1.56-462.el9.x86_64 1727907500 143128 8c3fe3dd77a8774d31c4d063dfdd626f installed
perl-constant-1.33-461.el9.noarch 1645017554 27104 77ae4fa31b0e05c47722d3f42c3031f4 installed
perl-Storable-1:3.21-460.el9.x86_64 1644882355 228564 f1fe7637efd26378c700703de66084a9 installed
perl-overload-0:1.31-481.1.el9_6.noarch 1753674690 72822 615b48cbd341a1ae3deb9448d1b0af50 installed
perl-parent-1:0.238-460.el9.noarch 1648236106 9535 313ca11d9438fd3b8857ebea09d52cbe installed
perl-vars-0:1.05-481.1.el9_6.noarch 1753674690 4927 d014d0e5fa05c4e04973e86b9b9cd183 installed
perl-Getopt-Long-1:2.52-4.el9.noarch 1645006486 139937 91b70507061382352f5f8cea185952c4 installed
perl-Carp-1.50-460.el9.noarch 1644593358 47889 6ceb2511def761f84a2955e7f4213e02 installed
perl-Exporter-5.74-461.el9.noarch 1645012476 55359 e319d1821d7cff3db59f99d55552222b installed
perl-PathTools-3.78-461.el9.x86_64 1644596169 182550 980e6b8777939c540b2651d2b3395e3a installed
perl-Encode-4:3.08-462.el9.x86_64 1644597714 10240138 a7c4df5408a860802892b95def60a33d installed
perl-libs-4:5.32.1-481.1.el9_6.x86_64 1753674689 8953979 6bca13bd9646e1ec98ef9790891c175c installed
perl-interpreter-4:5.32.1-481.1.el9_6.x86_64 1753674689 120086 26bec95b7711bfab9b0400a86fc94136 installed
kernel-srpm-macros-1.0-14.el9.noarch 1758093656 16948 374608d42ff1baa7de696b0ac578c42c installed
openssl-1:3.5.1-7.el9_7.x86_64 1769616215 2263609 77694c9ff5fbf42f36356076041800f4 installed
libpwquality-1.4.4-8.el9.x86_64 1644464254 416424 8887f61609c602b650ca3a7f5077bd71 installed
pam-1.5.1-26.el9_6.x86_64 1756871129 1907540 72dd99c8b72fa6c7134e29a9d8c7e34c installed
libevent-2.1.12-8.el9_4.x86_64 1725362762 928090 1d07d5bf7396f9ff79545bb48bd60870 installed
libsemanage-3.6-5.el9_6.x86_64 1742298593 307182 a8cec69c4d60eb615422798b620da314 installed
shadow-utils-2:4.9-15.el9.x86_64 1758455783 3812546 6015c955f9a3af145f02eadac3ec321a installed
libutempter-1.2.1-6.el9.x86_64 1644465610 59441 60d7a46e01fd1a708369f595c8fa9da6 installed
openldap-2.6.8-4.el9.x86_64 1741868893 1087281 15fc0b70aae1ee3a492cca80324ab36d installed
libcurl-7.76.1-35.el9_7.3.x86_64 1769588759 667534 81b7b4560124f8c2ad0f3617975e0425 installed
curl-7.76.1-35.el9_7.3.x86_64 1769588759 684513 61d95621dfdf8f65c6b75a8eba263538 installed
rpm-libs-4.16.1.3-39.el9.x86_64 1759305441 773076 19ad023b8758aa01c47d8cea260dd6ca installed
rpm-4.16.1.3-39.el9.x86_64 1759305441 2750478 aa231b9acc8cbdd85744257c63d16c32 installed
efi-srpm-macros-6-4.el9.noarch 1758092934 41047 e28cfe7ad492c6298475c11c1b393b85 installed
lua-srpm-macros-1-6.el9.noarch 1644618813 1314 b1f6d12844b8255fa10d5275b52c0b21 installed
rpmautospec-rpm-macros-0.8.4-1.el9.noarch 1773837670 707 33f25a4529672dfe91838dfa1921cb55 installed
tar-2:1.34-9.el9_7.x86_64 1767642011 3159723 a056ae4e9990dd8fd6313ead54fd03d3 installed
patch-2.7.6-16.el9.x86_64 1648222924 265546 096d27d7687081b72514957dc7e6131a installed
elfutils-default-yama-scope-0.193-1.el9.alma.1.noarch 1758468423 1810 b67d15ad890e3fd7f5fa5c446a85a2c5 installed
elfutils-libs-0.193-1.el9.alma.1.x86_64 1758469624 751677 6dc249ebd86b6d64f40e5f3b47dd7dbe installed
elfutils-debuginfod-client-0.193-1.el9.alma.1.x86_64 1758469624 81138 6541b0b846bc08f19f40777ba3fac6eb installed
binutils-gold-2.35.2-67.el9_7.1.x86_64 1766067288 2128619 280cdacac0b4d8e5f64adee361c75073 installed
binutils-2.35.2-67.el9_7.1.x86_64 1766067288 25215163 f147660d3a5d402f457538a017c47955 installed
elfutils-0.193-1.el9.alma.1.x86_64 1758469624 3421726 f6ae3fd22aae1cef027091c15fa47a06 installed
gdb-minimal-16.3-2.el9.x86_64 1758455230 15226265 1a4686de3548dd3eedeb7400344335a2 installed
debugedit-5.0-11.el9.x86_64 1758461450 194614 da5cbbe21c43815cf80cf564c2d579b0 installed
rpm-build-libs-4.16.1.3-39.el9.x86_64 1759305441 198430 71720986a68a7c00ba664f49dac599b3 installed
fonts-srpm-macros-1:2.0.5-7.el9.1.noarch 1644638356 56503 6849d7b20d8c28dacc459b454a78994d installed
go-srpm-macros-3.6.0-14.el9_7.noarch 1776657509 62484 0db4b7cfac583081abb36ee306d81e6a installed
python-srpm-macros-3.9-54.el9.noarch 1727786776 37605 ea12cc3242ebccb1c0ca386e7269d116 installed
redhat-rpm-config-210-1.el9.alma.1.noarch 1758093877 189493 3b02d4e499655e6b55e96ded58064dd6 installed
rpm-build-4.16.1.3-39.el9.x86_64 1759305441 150073 82259579a6441c567c4d9f03c0be9653 installed
pyproject-srpm-macros-1.16.2-1.el9.noarch 1741862780 1952 db50657b429acab41c2500d2993eca6b installed
forge-srpm-macros-0.4.0-1.el9.noarch 1734482734 39887 ea3941239b8d23843851199df44e82b4 installed
go-srpm-macros-epel-3.8.0-1.el9.noarch 1756956667 63280 960a642223f6b696465e497c65b27f3c installed
R-srpm-macros-1.3.7-1.el9.noarch 1774883230 3626 0588f452c9d6312cb351c9453d2864a3 installed
epel-rpm-macros-9-18.el9.noarch 1774638891 18704 4cd6c0e4cb706d1ef88783a600ba20a1 installed
util-linux-2.37.4-21.el9_7.x86_64 1770239437 11147118 926b3bd8d53543680a6f5a085f9b8b69 installed
which-2.21-30.el9_6.x86_64 1754374769 81900 55186272c3a81b2172db432caf92a23f installed
libmpc-1.2.1-4.el9.x86_64 1644450029 138613 44b2c50f6fbf23200f9734200bb00a8e installed
cpp-11.5.0-11.el9.alma.1.x86_64 1757946440 30661206 f9f1b4c257477d9b598d01fb06d45a8e installed
pcre2-utf32-10.40-6.el9.x86_64 1727906236 558912 c696f7dadf4f440a819a6a06eaa727bc installed
pcre2-utf16-10.40-6.el9.x86_64 1727906236 587664 a5d6ae229680ebe7255f614697b42f97 installed
pcre2-devel-10.40-6.el9.x86_64 1727906236 1980925 554b11b862bfb7babe3e97e108e4c219 installed
llvm-filesystem-20.1.8-3.el9.x86_64 1758138867 0 6b5f8dfba7f757bac663cac05cf24163 installed
libverto-devel-0.3.2-3.el9.x86_64 1644467610 26313 d5817a44b54d1fb324e3be103b78ee7d installed
libsepol-devel-3.6-3.el9.x86_64 1758446100 123967 3c218b10db0eeefb6d25f4d2282c0cfc installed
libselinux-devel-3.6-3.el9.x86_64 1741822567 129137 eb354e14d3d0e65879352291b78f6767 installed
libcom_err-devel-1.46.5-8.el9.x86_64 1758466961 17068 91bc32b1ff376a68d75670f2743469b4 installed
keyutils-libs-devel-1.6.3-1.el9.x86_64 1680722150 49397 221d9d675e18d71f2410f83cb2474202 installed
kernel-headers-5.14.0-611.49.2.el9_7.x86_64 1777551418 6542797 bb2c3ca60cdff09cd6e85717a7344f15 installed
glibc-headers-2.34-231.el9_7.10.x86_64 1771325893 2181490 4460f0a6acf5dd921cd1c6ad1d7d0a93 installed
libxcrypt-devel-4.4.18-3.el9.x86_64 1644465890 31019 70b117fa14e9563c49228c8f13c75eb1 installed
glibc-devel-2.34-231.el9_7.10.x86_64 1771325893 47544 a81b35529c85d5d389dbd5732ad6077b installed
make-1:4.3-8.el9.x86_64 1712062509 1719678 dc40abc3cfe247dee48edd9c5db26369 installed
gcc-11.5.0-11.el9.alma.1.x86_64 1757946440 89921610 eac121ef700e0ca4ffe1a62031bf86a7 installed
libkadm5-1.21.1-9.el9_7.x86_64 1776790395 226798 2d1dcaa333a5ae4275a7ab55117601b3 installed
libedit-3.1-38.20210216cvs.el9.x86_64 1695670210 251847 891a9323e47966f6501c2cb603ad29be installed
llvm-libs-20.1.8-3.el9.x86_64 1758138867 129136343 bde3f3c23eeef68def64ba0e86d4ee9a installed
annobin-12.98-1.el9.x86_64 1758137359 1225753 7634fb710d9cba305e80173af43bd162 installed
krb5-devel-1.21.1-9.el9_7.x86_64 1776790395 723566 b418731e2144349aa945f10e3f0e70f1 installed
gcc-plugin-annobin-11.5.0-11.el9.alma.1.x86_64 1757946440 57770 8ae836ce803cdfb4a0a461f874d569df installed
pam-devel-1.5.1-26.el9_6.x86_64 1756871129 610109 f81b844a8adc04ce7edd1dbd82fb3bd5 installed
openssl-devel-1:3.5.1-7.el9_7.x86_64 1769616215 5537260 f1d818de0d04ea9cd839c6572023792f installed
